#
# There is insufficient memory for the Java Runtime Environment to continue.
# Native memory allocation (mmap) failed to map 123731968 bytes for Failed to commit area from 0x000000008bc00000 to 0x0000000093200000 of length 123731968.
# Possible reasons:
#   The system is out of physical RAM or swap space
#   The process is running with CompressedOops enabled, and the Java Heap may be blocking the growth of the native heap
# Possible solutions:
#   Reduce memory load on the system
#   Increase physical memory or swap space
#   Check if swap backing store is full
#   Decrease Java heap size (-Xmx/-Xms)
#   Decrease number of Java threads
#   Decrease Java thread stack sizes (-Xss)
#   Set larger code cache with -XX:ReservedCodeCacheSize=
# This output file may be truncated or incomplete.
#
#  Out of Memory Error (os_windows.cpp:3391), pid=11484, tid=11608
#
# JRE version:  (11.0.30+7) (build )
# Java VM: OpenJDK 64-Bit Server VM (11.0.30+7, mixed mode, sharing, tiered, compressed oops, g1 gc, windows-amd64)
# No core dump will be written. Minidumps are not enabled by default on client versions of Windows
#

---------------  S U M M A R Y ------------

Command Line: -Dfile.encoding=UTF-8 -Dstdout.encoding=UTF-8 -Dstderr.encoding=UTF-8 --module-path=C:\Users\WILLIAM MONZON\OneDrive\Desktop\Tareas Java Segundo Parcial\ProgramacionPOO\bin -Djdk.module.main=ProgramacionPOO ProgramacionPOO/poo.swing.Main

Host: AMD Ryzen 5 8645HS w/ Radeon 760M Graphics, 12 cores, 7G,  Windows 11 , 64 bit Build 26100 (10.0.26100.8328)
Time: Mon May 11 19:56:05 2026 Hora estándar, América Central elapsed time: 2.039753 seconds (0d 0h 0m 2s)

---------------  T H R E A D  ---------------

Current thread (0x0000028f5bcfa800):  JavaThread "Unknown thread" [_thread_in_vm, id=11608, stack(0x000000aa06700000,0x000000aa06800000)]

Stack: [0x000000aa06700000,0x000000aa06800000]
Native frames: (J=compiled Java code, j=interpreted, Vv=VM code, C=native code)
V  [jvm.dll+0x6449fa]
V  [jvm.dll+0x7d6909]
V  [jvm.dll+0x7d7fe9]
V  [jvm.dll+0x7d86e3]
V  [jvm.dll+0x269105]
V  [jvm.dll+0x641c19]
V  [jvm.dll+0x6364b5]
V  [jvm.dll+0x32559d]
V  [jvm.dll+0x325402]
V  [jvm.dll+0x32a026]
V  [jvm.dll+0x371080]
V  [jvm.dll+0x370af2]
V  [jvm.dll+0x3004c8]
V  [jvm.dll+0x3015c5]
V  [jvm.dll+0x7b0807]
V  [jvm.dll+0x7b1f8f]
V  [jvm.dll+0x37e379]
V  [jvm.dll+0x79242f]
V  [jvm.dll+0x3eec37]
V  [jvm.dll+0x3f1131]
C  [jli.dll+0x52c0]
C  [ucrtbase.dll+0x37b0]
C  [KERNEL32.DLL+0x2e957]
C  [ntdll.dll+0x427c]


---------------  P R O C E S S  ---------------

Threads class SMR info:
_java_thread_list=0x0000028f5a97a4b0, length=0, elements={
}

Java Threads: ( => current thread )

Other Threads:
  0x0000028f5bd12800 GCTaskThread "GC Thread#0" [stack: 0x000000aa06800000,0x000000aa06900000] [id=6096]
  0x0000028f5bd44000 ConcurrentGCThread "G1 Main Marker" [stack: 0x000000aa06900000,0x000000aa06a00000] [id=3716]
  0x0000028f5bd46000 ConcurrentGCThread "G1 Conc#0" [stack: 0x000000aa06a00000,0x000000aa06b00000] [id=36748]

[error occurred during error reporting (printing all threads), id 0xc0000005, EXCEPTION_ACCESS_VIOLATION (0xc0000005) at pc=0x00007ff8dea21327]

VM state:not at safepoint (not fully initialized)

VM Mutex/Monitor currently owned by a thread:  ([mutex/lock_event])
[0x0000028f5bcf93b0] Heap_lock - owner thread: 0x0000028f5bcfa800

Heap address: 0x000000008bc00000, size: 1860 MB, Compressed Oops mode: Non-zero based: 0x000000008bc00000
Narrow klass base: 0x0000000000000000, Narrow klass shift: 0

GC Heap History (0 events):
No events

Deoptimization events (0 events):
No events

Classes redefined (0 events):
No events

Internal exceptions (0 events):
No events

Events (1 events):
Event: 0.025 Loaded shared library C:\Program Files\Eclipse Adoptium\jdk-11.0.30.7-hotspot\bin\zip.dll


Dynamic libraries:
0x00007ff798f10000 - 0x00007ff798f1e000 	C:\Program Files\Eclipse Adoptium\jdk-11.0.30.7-hotspot\bin\javaw.exe
0x00007ffa1dd40000 - 0x00007ffa1dfa7000 	C:\WINDOWS\SYSTEM32\ntdll.dll
0x00007ffa1d130000 - 0x00007ffa1d1f9000 	C:\WINDOWS\System32\KERNEL32.DLL
0x00007ffa1b350000 - 0x00007ffa1b747000 	C:\WINDOWS\System32\KERNELBASE.dll
0x00007ff96e670000 - 0x00007ff96e74b000 	C:\Program Files\Bitdefender\Bitdefender Security\bdhkm\dlls_268331759110883735\bdhkm64.dll
0x00007ff96e490000 - 0x00007ff96e66c000 	C:\Program Files\Bitdefender\Bitdefender Security\atcuf\dlls_268331759015134176\atcuf64.dll
0x00007ffa1b200000 - 0x00007ffa1b34b000 	C:\WINDOWS\System32\ucrtbase.dll
0x00007ffa148f0000 - 0x00007ffa14907000 	C:\Program Files\Eclipse Adoptium\jdk-11.0.30.7-hotspot\bin\jli.dll
0x00007ffa1d350000 - 0x00007ffa1d516000 	C:\WINDOWS\System32\USER32.dll
0x00007ffa1b120000 - 0x00007ffa1b147000 	C:\WINDOWS\System32\win32u.dll
0x00007ffa1bb50000 - 0x00007ffa1bb7b000 	C:\WINDOWS\System32\GDI32.dll
0x00007ffa1b8d0000 - 0x00007ffa1b9fc000 	C:\WINDOWS\System32\gdi32full.dll
0x00007ffa1a770000 - 0x00007ffa1a813000 	C:\WINDOWS\System32\msvcp_win.dll
0x00007ffa06e40000 - 0x00007ffa06e5e000 	C:\Program Files\Eclipse Adoptium\jdk-11.0.30.7-hotspot\bin\VCRUNTIME140.dll
0x00007ff9fcb20000 - 0x00007ff9fcdb2000 	C:\WINDOWS\WinSxS\amd64_microsoft.windows.common-controls_6595b64144ccf1df_6.0.26100.8328_none_3e08182ce334b678\COMCTL32.dll
0x00007ffa1c060000 - 0x00007ffa1c109000 	C:\WINDOWS\System32\msvcrt.dll
0x00007ffa1d8a0000 - 0x00007ffa1d8d2000 	C:\WINDOWS\System32\IMM32.DLL
0x00007ffa15d40000 - 0x00007ffa15d4c000 	C:\Program Files\Eclipse Adoptium\jdk-11.0.30.7-hotspot\bin\vcruntime140_1.dll
0x00007ff9e1e40000 - 0x00007ff9e1ecd000 	C:\Program Files\Eclipse Adoptium\jdk-11.0.30.7-hotspot\bin\msvcp140.dll
0x00007ff8de710000 - 0x00007ff8df2d2000 	C:\Program Files\Eclipse Adoptium\jdk-11.0.30.7-hotspot\bin\server\jvm.dll
0x00007ffa1bf10000 - 0x00007ffa1bfc6000 	C:\WINDOWS\System32\ADVAPI32.dll
0x00007ffa1c7f0000 - 0x00007ffa1c897000 	C:\WINDOWS\System32\sechost.dll
0x00007ffa1da00000 - 0x00007ffa1db18000 	C:\WINDOWS\System32\RPCRT4.dll
0x00007ffa1c740000 - 0x00007ffa1c7c0000 	C:\WINDOWS\System32\WS2_32.dll
0x00007ffa1d890000 - 0x00007ffa1d898000 	C:\WINDOWS\System32\PSAPI.DLL
0x00007ffa13e30000 - 0x00007ffa13e66000 	C:\WINDOWS\SYSTEM32\WINMM.dll
0x00007ffa12cf0000 - 0x00007ffa12cfb000 	C:\WINDOWS\SYSTEM32\VERSION.dll
0x00007ffa19500000 - 0x00007ffa1951b000 	C:\WINDOWS\SYSTEM32\kernel.appcore.dll
0x00007ffa14990000 - 0x00007ffa149a0000 	C:\Program Files\Eclipse Adoptium\jdk-11.0.30.7-hotspot\bin\verify.dll
0x00007ffa0de00000 - 0x00007ffa0e042000 	C:\WINDOWS\SYSTEM32\DBGHELP.DLL
0x00007ffa1bb80000 - 0x00007ffa1bf03000 	C:\WINDOWS\System32\combase.dll
0x00007ffa1d020000 - 0x00007ffa1d0f9000 	C:\WINDOWS\System32\OLEAUT32.dll
0x00007ff9f1c70000 - 0x00007ff9f1cab000 	C:\WINDOWS\SYSTEM32\dbgcore.DLL
0x00007ffa1b150000 - 0x00007ffa1b1f8000 	C:\WINDOWS\System32\bcryptPrimitives.dll
0x00007ffa06e10000 - 0x00007ffa06e38000 	C:\Program Files\Eclipse Adoptium\jdk-11.0.30.7-hotspot\bin\java.dll
0x00007ffa0ad60000 - 0x00007ffa0ad6a000 	C:\Program Files\Eclipse Adoptium\jdk-11.0.30.7-hotspot\bin\jimage.dll
0x00007ff9f6a40000 - 0x00007ff9f6a58000 	C:\Program Files\Eclipse Adoptium\jdk-11.0.30.7-hotspot\bin\zip.dll

dbghelp: loaded successfully - version: 4.0.5 - missing functions: none
symbol engine: initialized successfully - sym options: 0x614 - pdb path: .;C:\Program Files\Eclipse Adoptium\jdk-11.0.30.7-hotspot\bin;C:\WINDOWS\SYSTEM32;C:\Program Files\Bitdefender\Bitdefender Security\bdhkm\dlls_268331759110883735;C:\Program Files\Bitdefender\Bitdefender Security\atcuf\dlls_268331759015134176;C:\WINDOWS\WinSxS\amd64_microsoft.windows.common-controls_6595b64144ccf1df_6.0.26100.8328_none_3e08182ce334b678;C:\Program Files\Eclipse Adoptium\jdk-11.0.30.7-hotspot\bin\server

VM Arguments:
jvm_args: -Dfile.encoding=UTF-8 -Dstdout.encoding=UTF-8 -Dstderr.encoding=UTF-8 --module-path=C:\Users\WILLIAM MONZON\OneDrive\Desktop\Tareas Java Segundo Parcial\ProgramacionPOO\bin -Djdk.module.main=ProgramacionPOO 
java_command: ProgramacionPOO/poo.swing.Main
java_class_path (initial): <not set>
Launcher Type: SUN_STANDARD

[Global flags]
     intx CICompilerCount                          = 4                                         {product} {ergonomic}
     uint ConcGCThreads                            = 3                                         {product} {ergonomic}
     uint G1ConcRefinementThreads                  = 10                                        {product} {ergonomic}
   size_t G1HeapRegionSize                         = 1048576                                   {product} {ergonomic}
    uintx GCDrainStackTargetSize                   = 64                                        {product} {ergonomic}
   size_t InitialHeapSize                          = 123731968                                 {product} {ergonomic}
   size_t MarkStackSize                            = 4194304                                   {product} {ergonomic}
   size_t MaxHeapSize                              = 1950351360                                {product} {ergonomic}
   size_t MinHeapDeltaBytes                        = 1048576                                   {product} {ergonomic}
    uintx NonNMethodCodeHeapSize                   = 5836300                                {pd product} {ergonomic}
    uintx NonProfiledCodeHeapSize                  = 122910970                              {pd product} {ergonomic}
    uintx ProfiledCodeHeapSize                     = 122910970                              {pd product} {ergonomic}
    uintx ReservedCodeCacheSize                    = 251658240                              {pd product} {ergonomic}
     bool SegmentedCodeCache                       = true                                      {product} {ergonomic}
     bool UseCompressedClassPointers               = true                                 {lp64_product} {ergonomic}
     bool UseCompressedOops                        = true                                 {lp64_product} {ergonomic}
     bool UseG1GC                                  = true                                      {product} {ergonomic}
     bool UseLargePagesIndividualAllocation        = false                                  {pd product} {ergonomic}

Logging:
Log output configuration:
 #0: stdout all=warning uptime,level,tags
 #1: stderr all=off uptime,level,tags

Environment Variables:
JAVA_HOME=C:\Program Files\Eclipse Adoptium\jdk-11.0.30.7-hotspot
PATH=C:/Program Files/eclipse-java-2025-12-R-win32-x86_64/eclipse//plugins/org.eclipse.justj.openjdk.hotspot.jre.full.win32.x86_64_21.0.9.v20251105-0741/jre/bin/server;C:/Program Files/eclipse-java-2025-12-R-win32-x86_64/eclipse//plugins/org.eclipse.justj.openjdk.hotspot.jre.full.win32.x86_64_21.0.9.v20251105-0741/jre/bin;C:\Program Files\Eclipse Adoptium\jdk-11.0.30.7-hotspot\\bin;C:\Program Files\Eclipse Adoptium\jdk-11.0.30.7-hotspot\bin;C:\Program Files\Eclipse Adoptium\jdk-8.0.482.8-hotspot\bin;C:\Program Files (x86)\Common Files\Oracle\Java\java8path;C:\Program Files (x86)\Common Files\Oracle\Java\javapath;C:\windows\system32;C:\windows;C:\windows\System32\Wbem;C:\windows\System32\WindowsPowerShell\v1.0\;C:\windows\System32\OpenSSH\;C:\Program Files (x86)\NVIDIA Corporation\PhysX\Common;C:\Users\Administrator\AppData\Local\Microsoft\WindowsApps;C:\Program Files\HP\OMEN-Broadcast\Common;C:\Program Files\NVIDIA Corporation\NVIDIA app\NvDLISR;C:\FPC\3.2.2\bin\i386-Win32;C:\WINDOWS\system32;C:\WINDOWS;C:\WINDOWS\System32\Wbem;C:\WINDOWS\System32\WindowsPowerShell\v1.0\;C:\WINDOWS\System32\OpenSSH\;C:\Users\WILLIAM MONZON\Graphviz\bin;C:\Users\WILLIAM MONZON\OneDrive\Desktop\Graphviz\bin;C:\Program Files\Git\cmd;C:\Users\WILLIAM MONZON\AppData\Local\Programs\Python\Python314\Scripts\;C:\Users\WILLIAM MONZON\AppData\Local\Programs\Python\Python314\;C:\Users\WILLIAM MONZON\AppData\Local\Programs\Python\Launcher\;C:\Users\WILLIAM MONZON\AppData\Local\Microsoft\WindowsApps;C:\Users\WILLIAM MONZON\AppData\Local\Programs\Microsoft VS Code\bin;C:\Users\WILLIAM MONZON\AppData\Local\gitkraken\bin;C:\Program Files\eclipse-java-2025-12-R-win32-x86_64\eclipse;
USERNAME=WILLIAM MONZON
OS=Windows_NT
PROCESSOR_IDENTIFIER=AMD64 Family 25 Model 117 Stepping 2, AuthenticAMD
TMP=C:\Users\WILLIA~1\AppData\Local\Temp
TEMP=C:\Users\WILLIA~1\AppData\Local\Temp



---------------  S Y S T E M  ---------------

OS: Windows 11 , 64 bit Build 26100 (10.0.26100.8328)
OS uptime: 0 days 10:22 hours
Hyper-V role detected

CPU:total 12 (initial active 12) (12 cores per cpu, 2 threads per core) family 25 model 117 stepping 2 microcode 0xa70520a, cmov, cx8, fxsr, mmx, sse, sse2, sse3, ssse3, sse4.1, sse4.2, popcnt, avx, avx2, aes, clmul, erms, mmxext, 3dnowpref, lzcnt, sse4a, ht, tsc, tscinvbit, tscinv, bmi1, bmi2, adx, evex, sha, fma

Memory: 4k page, system-wide physical 7439M (409M free)
TotalPageFile size 29967M (AvailPageFile size 88M)
current process WorkingSet (physical memory assigned to process): 15M, peak: 15M
current process commit charge ("private bytes"): 67M, peak: 185M

vm_info: OpenJDK 64-Bit Server VM (11.0.30+7) for windows-amd64 JRE (11.0.30+7), built on Jan 21 2026 06:15:59 by "" with MS VC++ 17.7 (VS2022)

END.
